
   WARN  Metadata found in doc-comment for method Tests\Feature\Admin\AccessControlTest::unauthenticated_user_is_redirected_from_admin_dashboard(). Metadata in doc-comments is deprecated and will no longer be supported in PHPUnit 12. Update your test code to use attributes instead.

   WARN  Metadata found in doc-comment for method Tests\Feature\Admin\AccessControlTest::parishioner_gets_403_on_admin_dashboard(). Metadata in doc-comments is deprecated and will no longer be supported in PHPUnit 12. Update your test code to use attributes instead.

   WARN  Metadata found in doc-comment for method Tests\Feature\Admin\AccessControlTest::parishioner_gets_403_on_admin_api_users(). Metadata in doc-comments is deprecated and will no longer be supported in PHPUnit 12. Update your test code to use attributes instead.

   WARN  Metadata found in doc-comment for method Tests\Feature\Admin\AccessControlTest::super_admin_can_access_admin_dashboard(). Metadata in doc-comments is deprecated and will no longer be supported in PHPUnit 12. Update your test code to use attributes instead.

   WARN  Metadata found in doc-comment for method Tests\Feature\Admin\AccessControlTest::parish_admin_can_access_admin_dashboard(). Metadata in doc-comments is deprecated and will no longer be supported in PHPUnit 12. Update your test code to use attributes instead.

   WARN  Metadata found in doc-comment for method Tests\Feature\Admin\AccessControlTest::clergymen_can_access_admin_dashboard(). Metadata in doc-comments is deprecated and will no longer be supported in PHPUnit 12. Update your test code to use attributes instead.

   WARN  Metadata found in doc-comment for method Tests\Feature\Auth\LoginTest::super_admin_is_redirected_to_admin_dashboard_after_login(). Metadata in doc-comments is deprecated and will no longer be supported in PHPUnit 12. Update your test code to use attributes instead.

   WARN  Metadata found in doc-comment for method Tests\Feature\Auth\LoginTest::parishioner_is_redirected_to_home_after_login(). Metadata in doc-comments is deprecated and will no longer be supported in PHPUnit 12. Update your test code to use attributes instead.

   WARN  Metadata found in doc-comment for method Tests\Feature\Auth\LoginTest::login_fails_with_wrong_password(). Metadata in doc-comments is deprecated and will no longer be supported in PHPUnit 12. Update your test code to use attributes instead.

   WARN  Metadata found in doc-comment for method Tests\Feature\Auth\LoginTest::inactive_user_cannot_login(). Metadata in doc-comments is deprecated and will no longer be supported in PHPUnit 12. Update your test code to use attributes instead.

   WARN  Metadata found in doc-comment for method Tests\Feature\Admin\UserManagementTest::admin_can_list_users(). Metadata in doc-comments is deprecated and will no longer be supported in PHPUnit 12. Update your test code to use attributes instead.

   WARN  Metadata found in doc-comment for method Tests\Feature\Admin\UserManagementTest::admin_can_filter_users_by_role(). Metadata in doc-comments is deprecated and will no longer be supported in PHPUnit 12. Update your test code to use attributes instead.

   WARN  Metadata found in doc-comment for method Tests\Feature\Admin\UserManagementTest::admin_can_create_a_user(). Metadata in doc-comments is deprecated and will no longer be supported in PHPUnit 12. Update your test code to use attributes instead.

   WARN  Metadata found in doc-comment for method Tests\Feature\Admin\UserManagementTest::admin_cannot_delete_their_own_account(). Metadata in doc-comments is deprecated and will no longer be supported in PHPUnit 12. Update your test code to use attributes instead.

   WARN  Metadata found in doc-comment for method Tests\Feature\Admin\UserManagementTest::soft_deleted_user_is_not_in_default_listing(). Metadata in doc-comments is deprecated and will no longer be supported in PHPUnit 12. Update your test code to use attributes instead.

   WARN  Metadata found in doc-comment for method Tests\Feature\Admin\UserManagementTest::admin_can_get_user_stats(). Metadata in doc-comments is deprecated and will no longer be supported in PHPUnit 12. Update your test code to use attributes instead.

   WARN  Metadata found in doc-comment for method Tests\Unit\Models\UserTest::full_name_accessor_combines_first_and_last_name(). Metadata in doc-comments is deprecated and will no longer be supported in PHPUnit 12. Update your test code to use attributes instead.

   WARN  Metadata found in doc-comment for method Tests\Unit\Models\UserTest::is_super_admin_returns_true_for_super_admin_role(). Metadata in doc-comments is deprecated and will no longer be supported in PHPUnit 12. Update your test code to use attributes instead.

   WARN  Metadata found in doc-comment for method Tests\Unit\Models\UserTest::is_super_admin_returns_false_for_parishioner(). Metadata in doc-comments is deprecated and will no longer be supported in PHPUnit 12. Update your test code to use attributes instead.

   WARN  Metadata found in doc-comment for method Tests\Unit\Models\UserTest::is_admin_returns_true_for_all_admin_roles(). Metadata in doc-comments is deprecated and will no longer be supported in PHPUnit 12. Update your test code to use attributes instead.

   WARN  Metadata found in doc-comment for method Tests\Unit\Models\UserTest::is_admin_returns_false_for_parishioner(). Metadata in doc-comments is deprecated and will no longer be supported in PHPUnit 12. Update your test code to use attributes instead.

   WARN  Metadata found in doc-comment for method Tests\Unit\Models\UserTest::is_active_accessor_works_correctly(). Metadata in doc-comments is deprecated and will no longer be supported in PHPUnit 12. Update your test code to use attributes instead.

   PASS  Tests\Unit\ExampleTest
  ✓ that true is true                                                                                                                                                      0.01s  

   PASS  Tests\Feature\Admin\AccessControlTest
  ✓ unauthenticated user is redirected from admin dashboard                                                                                                                0.47s  
  ✓ parishioner gets 403 on admin dashboard                                                                                                                                0.08s  
  ✓ parishioner gets 403 on admin api users                                                                                                                                0.03s  
  ✓ super admin can access admin dashboard                                                                                                                                 0.04s  
  ✓ parish admin can access admin dashboard                                                                                                                                0.03s  
  ✓ clergymen can access admin dashboard                                                                                                                                   0.03s  

   FAIL  Tests\Feature\Auth\AuthenticationTest
  ✓ login screen can be rendered                                                                                                                                           0.03s  
  ⨯ users can authenticate using the login screen                                                                                                                          0.04s  
  ✓ users can not authenticate with invalid password                                                                                                                       0.03s  
  ✓ users can logout                                                                                                                                                       0.02s  

   FAIL  Tests\Feature\Auth\EmailVerificationTest
  ✓ email verification screen can be rendered                                                                                                                              0.04s  
  ⨯ email can be verified                                                                                                                                                  0.91s  
  ✓ email is not verified with invalid hash                                                                                                                                0.03s  

   FAIL  Tests\Feature\Auth\LoginTest
  ⨯ super admin is redirected to admin dashboard after login                                                                                                               0.03s  
  ⨯ parishioner is redirected to home after login                                                                                                                          0.03s  
  ✓ login fails with wrong password                                                                                                                                        0.03s  
  ✓ inactive user cannot login                                                                                                                                             0.03s  

   FAIL  Tests\Feature\Auth\PasswordConfirmationTest
  ✓ confirm password screen can be rendered                                                                                                                                0.04s  
  ⨯ password can be confirmed                                                                                                                                              0.49s  
  ✓ password is not confirmed with invalid password                                                                                                                        0.24s  

   PASS  Tests\Feature\Auth\PasswordResetTest
  ✓ reset password link screen can be rendered                                                                                                                             0.04s  
  ✓ reset password link can be requested                                                                                                                                   0.24s  
  ✓ reset password screen can be rendered                                                                                                                                  0.25s  
  ✓ password can be reset with valid token                                                                                                                                 0.24s  

   PASS  Tests\Feature\Auth\PasswordUpdateTest
  ✓ password can be updated                                                                                                                                                0.04s  
  ✓ correct password must be provided to update password                                                                                                                   0.03s  

   FAIL  Tests\Feature\Auth\RegistrationTest
  ✓ registration screen can be rendered                                                                                                                                    0.03s  
  ⨯ new users can register                                                                                                                                                 0.03s  

   PASS  Tests\Feature\Admin\UserManagementTest
  ✓ admin can list users                                                                                                                                                   0.04s  
  ✓ admin can filter users by role                                                                                                                                         0.03s  
  ✓ admin can create a user                                                                                                                                                0.03s  
  ✓ admin cannot delete their own account                                                                                                                                  0.03s  
  ✓ soft deleted user is not in default listing                                                                                                                            0.03s  
  ✓ admin can get user stats                                                                                                                                               0.03s  

   PASS  Tests\Unit\Models\UserTest
  ✓ full name accessor combines first and last name                                                                                                                        0.03s  
  ✓ is super admin returns true for super admin role                                                                                                                       0.04s  
  ✓ is super admin returns false for parishioner                                                                                                                           0.02s  
  ✓ is admin returns true for all admin roles                                                                                                                              0.02s  
  ✓ is admin returns false for parishioner                                                                                                                                 0.02s  
  ✓ is active accessor works correctly                                                                                                                                     0.02s  

   PASS  Tests\Feature\ExampleTest
  ✓ the application returns a successful response                                                                                                                          0.03s  

   FAIL  Tests\Feature\ProfileTest
  ✓ profile page is displayed                                                                                                                                              0.03s  
  ⨯ profile information can be updated                                                                                                                                     0.33s  
  ⨯ email verification status is unchanged when the email address is unchanged                                                                                             0.33s  
  ⨯ user can delete their account                                                                                                                                          0.33s  
  ⨯ correct password must be provided to delete account                                                                                                                    0.32s  
  ──────────────────────────────────────────────────────────────────────────────────────────────────────────────────────────────────────────────────────────────────────────────  
   FAILED  Tests\Feature\Auth\AuthenticationTest > users can authenticate using the login screen                                                                                  
  The user is not authenticated
Failed asserting that false is true.

  at tests\Feature\Auth\AuthenticationTest.php:29
    [90m 25[0m[90m▕ [0m[35;1m            [0m[37m'email' [0m[35;1m=> [0m[39;1m$user[0m[35;1m->[0m[39;1memail[0m[35;1m,[0m
    [90m 26[0m[90m▕ [0m[35;1m            [0m[37m'password' [0m[35;1m=> [0m[37m'password'[0m[35;1m,[0m
    [90m 27[0m[90m▕ [0m[35;1m        ]);[0m
    [90m 28[0m[90m▕ [0m
[31;1m  ➜ [0m[3;1m 29[0m[90m▕ [0m[35;1m        [0m[39;1m$this[0m[35;1m->[0m[39;1massertAuthenticated[0m[35;1m();[0m
    [90m 30[0m[90m▕ [0m[35;1m        [0m[39;1m$response[0m[35;1m->[0m[39;1massertRedirect[0m[35;1m([0m[39;1mroute[0m[35;1m([0m[37m'dashboard'[0m[35;1m, [0m[39;1mabsolute[0m[35;1m: [0m[39;1mfalse[0m[35;1m));[0m
    [90m 31[0m[90m▕ [0m[35;1m    }[0m
    [90m 32[0m[90m▕ [0m
    [90m 33[0m[90m▕ [0m[35;1m    public function [0m[39;1mtest_users_can_not_authenticate_with_invalid_password[0m[35;1m(): [0m[39;1mvoid[0m

  ──────────────────────────────────────────────────────────────────────────────────────────────────────────────────────────────────────────────────────────────────────────────  
   FAILED  Tests\Feature\Auth\EmailVerificationTest > email can be verified                                                                              RouteNotFoundException   
  Route [dashboard] not defined.

  at vendor\laravel\framework\src\Illuminate\Routing\UrlGenerator.php:528
    [90m524[0m[90m▕ [0m[35;1m            ! [0m[39;1mis_null[0m[35;1m([0m[39;1m$url [0m[35;1m= [0m[39;1mcall_user_func[0m[35;1m([0m[39;1m$this[0m[35;1m->[0m[39;1mmissingNamedRouteResolver[0m[35;1m, [0m[39;1m$name[0m[35;1m, [0m[39;1m$parameters[0m[35;1m, [0m[39;1m$absolute[0m[35;1m))) {[0m
    [90m525[0m[90m▕ [0m[35;1m            return [0m[39;1m$url[0m[35;1m;[0m
    [90m526[0m[90m▕ [0m[35;1m        }[0m
    [90m527[0m[90m▕ [0m
[31;1m  ➜ [0m[3;1m528[0m[90m▕ [0m[35;1m        throw new [0m[39;1mRouteNotFoundException[0m[35;1m([0m[37m"Route [[0m[35;1m{[0m[39;1m$name[0m[35;1m}[0m[37m] not defined."[0m[35;1m);[0m
    [90m529[0m[90m▕ [0m[35;1m    }[0m
    [90m530[0m[90m▕ [0m
    [90m531[0m[90m▕ [0m[35;1m    [0m[90;3m/**[0m
    [90m532[0m[90m▕ [0m[90;3m     * Get the URL for a given route instance.[0m

  1   vendor\laravel\framework\src\Illuminate\Routing\UrlGenerator.php:528
  2   vendor\laravel\framework\src\Illuminate\Foundation\helpers.php:870

  ──────────────────────────────────────────────────────────────────────────────────────────────────────────────────────────────────────────────────────────────────────────────  
   FAILED  Tests\Feature\Auth\LoginTest > super admin is redirected to admin dashboard after login                                                                                
  Expected response status code [200] but received 422.
Failed asserting that 422 is identical to 200.

The following errors occurred during the last request:

{
    "message": "The username field is required.",
    "errors": {
        "username": [
            "The username field is required."
        ]
    }
}

  at tests\Feature\Auth\LoginTest.php:27
    [90m 23[0m[90m▕ [0m[35;1m            [0m[37m'login'    [0m[35;1m=> [0m[39;1m$admin[0m[35;1m->[0m[39;1memail[0m[35;1m,[0m
    [90m 24[0m[90m▕ [0m[35;1m            [0m[37m'password' [0m[35;1m=> [0m[37m'Password123!'[0m[35;1m,[0m
    [90m 25[0m[90m▕ [0m[35;1m        ]);[0m
    [90m 26[0m[90m▕ [0m
[31;1m  ➜ [0m[3;1m 27[0m[90m▕ [0m[35;1m        [0m[39;1m$response[0m[35;1m->[0m[39;1massertOk[0m[35;1m()[0m
    [90m 28[0m[90m▕ [0m[35;1m                 ->[0m[39;1massertJson[0m[35;1m([[0m
    [90m 29[0m[90m▕ [0m[35;1m                     [0m[37m'success'      [0m[35;1m=> [0m[39;1mtrue[0m[35;1m,[0m
    [90m 30[0m[90m▕ [0m[35;1m                     [0m[37m'redirect_url' [0m[35;1m=> [0m[39;1mroute[0m[35;1m([0m[37m'admin.dashboard'[0m[35;1m),[0m
    [90m 31[0m[90m▕ [0m[35;1m                 ]);[0m

  ──────────────────────────────────────────────────────────────────────────────────────────────────────────────────────────────────────────────────────────────────────────────  
   FAILED  Tests\Feature\Auth\LoginTest > parishioner is redirected to home after login                                                                                           
  Expected response status code [200] but received 422.
Failed asserting that 422 is identical to 200.

The following errors occurred during the last request:

{
    "message": "The username field is required.",
    "errors": {
        "username": [
            "The username field is required."
        ]
    }
}

  at tests\Feature\Auth\LoginTest.php:48
    [90m 44[0m[90m▕ [0m[35;1m            [0m[37m'login'    [0m[35;1m=> [0m[39;1m$user[0m[35;1m->[0m[39;1memail[0m[35;1m,[0m
    [90m 45[0m[90m▕ [0m[35;1m            [0m[37m'password' [0m[35;1m=> [0m[37m'Password123!'[0m[35;1m,[0m
    [90m 46[0m[90m▕ [0m[35;1m        ]);[0m
    [90m 47[0m[90m▕ [0m
[31;1m  ➜ [0m[3;1m 48[0m[90m▕ [0m[35;1m        [0m[39;1m$response[0m[35;1m->[0m[39;1massertOk[0m[35;1m()[0m
    [90m 49[0m[90m▕ [0m[35;1m                 ->[0m[39;1massertJson[0m[35;1m([[0m
    [90m 50[0m[90m▕ [0m[35;1m                     [0m[37m'success'      [0m[35;1m=> [0m[39;1mtrue[0m[35;1m,[0m
    [90m 51[0m[90m▕ [0m[35;1m                     [0m[37m'redirect_url' [0m[35;1m=> [0m[39;1mroute[0m[35;1m([0m[37m'home'[0m[35;1m),[0m
    [90m 52[0m[90m▕ [0m[35;1m                 ]);[0m

  ──────────────────────────────────────────────────────────────────────────────────────────────────────────────────────────────────────────────────────────────────────────────  
   FAILED  Tests\Feature\Auth\PasswordConfirmationTest > password can be confirmed                                                                                                
  Expected response status code [201, 301, 302, 303, 307, 308] but received 500.
Failed asserting that false is true.

The following exception occurred during the last request:

Symfony\Component\Routing\Exception\RouteNotFoundException: Route [dashboard] not defined. in E:\laragon\www\bethel.app\vendor\laravel\framework\src\Illuminate\Routing\UrlGenerator.php:528
Stack trace:
#0 E:\laragon\www\bethel.app\vendor\laravel\framework\src\Illuminate\Foundation\helpers.php(870): Illuminate\Routing\UrlGenerator->route('dashboard', Array, false)
#1 E:\laragon\www\bethel.app\app\Http\Controllers\Auth\ConfirmablePasswordController.php(38): route('dashboard', Array, false)
#2 E:\laragon\www\bethel.app\vendor\laravel\framework\src\Illuminate\Routing\ControllerDispatcher.php(46): App\Http\Controllers\Auth\ConfirmablePasswordController->store(Object(Illuminate\Http\Request))
#3 E:\laragon\www\bethel.app\vendor\laravel\framework\src\Illuminate\Routing\Route.php(265): Illuminate\Routing\ControllerDispatcher->dispatch(Object(Illuminate\Routing\Route), Object(App\Http\Controllers\Auth\ConfirmablePasswordController), 'store')
#4 E:\laragon\www\bethel.app\vendor\laravel\framework\src\Illuminate\Routing\Route.php(211): Illuminate\Routing\Route->runController()
#5 E:\laragon\www\bethel.app\vendor\laravel\framework\src\Illuminate\Routing\Router.php(822): Illuminate\Routing\Route->run()
#6 E:\laragon\www\bethel.app\vendor\laravel\framework\src\Illuminate\Pipeline\Pipeline.php(180): Illuminate\Routing\Router->Illuminate\Routing\{closure}(Object(Illuminate\Http\Request))
#7 E:\laragon\www\bethel.app\vendor\laravel\framework\src\Illuminate\Routing\Middleware\SubstituteBindings.php(50): Illuminate\Pipeline\Pipeline->Illuminate\Pipeline\{closure}(Object(Illuminate\Http\Request))
#8 E:\laragon\www\bethel.app\vendor\laravel\framework\src\Illuminate\Pipeline\Pipeline.php(219): Illuminate\Routing\Middleware\SubstituteBindings->handle(Object(Illuminate\Http\Request), Object(Closure))
#9 E:\laragon\www\bethel.app\vendor\laravel\framework\src\Illuminate\Auth\Middleware\Authenticate.php(63): Illuminate\Pipeline\Pipeline->Illuminate\Pipeline\{closure}(Object(Illuminate\Http\Request))
#10 E:\laragon\www\bethel.app\vendor\laravel\framework\src\Illuminate\Pipeline\Pipeline.php(219): Illuminate\Auth\Middleware\Authenticate->handle(Object(Illuminate\Http\Request), Object(Closure))
#11 E:\laragon\www\bethel.app\vendor\laravel\framework\src\Illuminate\Foundation\Http\Middleware\VerifyCsrfToken.php(87): Illuminate\Pipeline\Pipeline->Illuminate\Pipeline\{closure}(Object(Illuminate\Http\Request))
#12 E:\laragon\www\bethel.app\vendor\laravel\framework\src\Illuminate\Pipeline\Pipeline.php(219): Illuminate\Foundation\Http\Middleware\VerifyCsrfToken->handle(Object(Illuminate\Http\Request), Object(Closure))
#13 E:\laragon\www\bethel.app\vendor\laravel\framework\src\Illuminate\View\Middleware\ShareErrorsFromSession.php(48): Illuminate\Pipeline\Pipeline->Illuminate\Pipeline\{closure}(Object(Illuminate\Http\Request))
#14 E:\laragon\www\bethel.app\vendor\laravel\framework\src\Illuminate\Pipeline\Pipeline.php(219): Illuminate\View\Middleware\ShareErrorsFromSession->handle(Object(Illuminate\Http\Request), Object(Closure))
#15 E:\laragon\www\bethel.app\vendor\laravel\framework\src\Illuminate\Session\Middleware\StartSession.php(120): Illuminate\Pipeline\Pipeline->Illuminate\Pipeline\{closure}(Object(Illuminate\Http\Request))
#16 E:\laragon\www\bethel.app\vendor\laravel\framework\src\Illuminate\Session\Middleware\StartSession.php(63): Illuminate\Session\Middleware\StartSession->handleStatefulRequest(Object(Illuminate\Http\Request), Object(Illuminate\Session\Store), Object(Closure))
#17 E:\laragon\www\bethel.app\vendor\laravel\framework\src\Illuminate\Pipeline\Pipeline.php(219): Illuminate\Session\Middleware\StartSession->handle(Object(Illuminate\Http\Request), Object(Closure))
#18 E:\laragon\www\bethel.app\vendor\laravel\framework\src\Illuminate\Cookie\Middleware\AddQueuedCookiesToResponse.php(36): Illuminate\Pipeline\Pipeline->Illuminate\Pipeline\{closure}(Object(Illuminate\Http\Request))
#19 E:\laragon\www\bethel.app\vendor\laravel\framework\src\Illuminate\Pipeline\Pipeline.php(219): Illuminate\Cookie\Middleware\AddQueuedCookiesToResponse->handle(Object(Illuminate\Http\Request), Object(Closure))
#20 E:\laragon\www\bethel.app\vendor\laravel\framework\src\Illuminate\Cookie\Middleware\EncryptCookies.php(74): Illuminate\Pipeline\Pipeline->Illuminate\Pipeline\{closure}(Object(Illuminate\Http\Request))
#21 E:\laragon\www\bethel.app\vendor\laravel\framework\src\Illuminate\Pipeline\Pipeline.php(219): Illuminate\Cookie\Middleware\EncryptCookies->handle(Object(Illuminate\Http\Request), Object(Closure))
#22 E:\laragon\www\bethel.app\vendor\laravel\framework\src\Illuminate\Pipeline\Pipeline.php(137): Illuminate\Pipeline\Pipeline->Illuminate\Pipeline\{closure}(Object(Illuminate\Http\Request))
#23 E:\laragon\www\bethel.app\vendor\laravel\framework\src\Illuminate\Routing\Router.php(821): Illuminate\Pipeline\Pipeline->then(Object(Closure))
#24 E:\laragon\www\bethel.app\vendor\laravel\framework\src\Illuminate\Routing\Router.php(800): Illuminate\Routing\Router->runRouteWithinStack(Object(Illuminate\Routing\Route), Object(Illuminate\Http\Request))
#25 E:\laragon\www\bethel.app\vendor\laravel\framework\src\Illuminate\Routing\Router.php(764): Illuminate\Routing\Router->runRoute(Object(Illuminate\Http\Request), Object(Illuminate\Routing\Route))
#26 E:\laragon\www\bethel.app\vendor\laravel\framework\src\Illuminate\Routing\Router.php(753): Illuminate\Routing\Router->dispatchToRoute(Object(Illuminate\Http\Request))
#27 E:\laragon\www\bethel.app\vendor\laravel\framework\src\Illuminate\Foundation\Http\Kernel.php(200): Illuminate\Routing\Router->dispatch(Object(Illuminate\Http\Request))
#28 E:\laragon\www\bethel.app\vendor\laravel\framework\src\Illuminate\Pipeline\Pipeline.php(180): Illuminate\Foundation\Http\Kernel->Illuminate\Foundation\Http\{closure}(Object(Illuminate\Http\Request))
#29 E:\laragon\www\bethel.app\vendor\laravel\framework\src\Illuminate\Foundation\Http\Middleware\TransformsRequest.php(21): Illuminate\Pipeline\Pipeline->Illuminate\Pipeline\{closure}(Object(Illuminate\Http\Request))
#30 E:\laragon\www\bethel.app\vendor\laravel\framework\src\Illuminate\Foundation\Http\Middleware\ConvertEmptyStringsToNull.php(31): Illuminate\Foundation\Http\Middleware\TransformsRequest->handle(Object(Illuminate\Http\Request), Object(Closure))
#31 E:\laragon\www\bethel.app\vendor\laravel\framework\src\Illuminate\Pipeline\Pipeline.php(219): Illuminate\Foundation\Http\Middleware\ConvertEmptyStringsToNull->handle(Object(Illuminate\Http\Request), Object(Closure))
#32 E:\laragon\www\bethel.app\vendor\laravel\framework\src\Illuminate\Foundation\Http\Middleware\TransformsRequest.php(21): Illuminate\Pipeline\Pipeline->Illuminate\Pipeline\{closure}(Object(Illuminate\Http\Request))
#33 E:\laragon\www\bethel.app\vendor\laravel\framework\src\Illuminate\Foundation\Http\Middleware\TrimStrings.php(51): Illuminate\Foundation\Http\Middleware\TransformsRequest->handle(Object(Illuminate\Http\Request), Object(Closure))
#34 E:\laragon\www\bethel.app\vendor\laravel\framework\src\Illuminate\Pipeline\Pipeline.php(219): Illuminate\Foundation\Http\Middleware\TrimStrings->handle(Object(Illuminate\Http\Request), Object(Closure))
#35 E:\laragon\www\bethel.app\vendor\laravel\framework\src\Illuminate\Http\Middleware\ValidatePostSize.php(27): Illuminate\Pipeline\Pipeline->Illuminate\Pipeline\{closure}(Object(Illuminate\Http\Request))
#36 E:\laragon\www\bethel.app\vendor\laravel\framework\src\Illuminate\Pipeline\Pipeline.php(219): Illuminate\Http\Middleware\ValidatePostSize->handle(Object(Illuminate\Http\Request), Object(Closure))
#37 E:\laragon\www\bethel.app\vendor\laravel\framework\src\Illuminate\Foundation\Http\Middleware\PreventRequestsDuringMaintenance.php(109): Illuminate\Pipeline\Pipeline->Illuminate\Pipeline\{closure}(Object(Illuminate\Http\Request))
#38 E:\laragon\www\bethel.app\vendor\laravel\framework\src\Illuminate\Pipeline\Pipeline.php(219): Illuminate\Foundation\Http\Middleware\PreventRequestsDuringMaintenance->handle(Object(Illuminate\Http\Request), Object(Closure))
#39 E:\laragon\www\bethel.app\vendor\laravel\framework\src\Illuminate\Http\Middleware\HandleCors.php(61): Illuminate\Pipeline\Pipeline->Illuminate\Pipeline\{closure}(Object(Illuminate\Http\Request))
#40 E:\laragon\www\bethel.app\vendor\laravel\framework\src\Illuminate\Pipeline\Pipeline.php(219): Illuminate\Http\Middleware\HandleCors->handle(Object(Illuminate\Http\Request), Object(Closure))
#41 E:\laragon\www\bethel.app\vendor\laravel\framework\src\Illuminate\Http\Middleware\TrustProxies.php(58): Illuminate\Pipeline\Pipeline->Illuminate\Pipeline\{closure}(Object(Illuminate\Http\Request))
#42 E:\laragon\www\bethel.app\vendor\laravel\framework\src\Illuminate\Pipeline\Pipeline.php(219): Illuminate\Http\Middleware\TrustProxies->handle(Object(Illuminate\Http\Request), Object(Closure))
#43 E:\laragon\www\bethel.app\vendor\laravel\framework\src\Illuminate\Foundation\Http\Middleware\InvokeDeferredCallbacks.php(22): Illuminate\Pipeline\Pipeline->Illuminate\Pipeline\{closure}(Object(Illuminate\Http\Request))
#44 E:\laragon\www\bethel.app\vendor\laravel\framework\src\Illuminate\Pipeline\Pipeline.php(219): Illuminate\Foundation\Http\Middleware\InvokeDeferredCallbacks->handle(Object(Illuminate\Http\Request), Object(Closure))
#45 E:\laragon\www\bethel.app\vendor\laravel\framework\src\Illuminate\Http\Middleware\ValidatePathEncoding.php(26): Illuminate\Pipeline\Pipeline->Illuminate\Pipeline\{closure}(Object(Illuminate\Http\Request))
#46 E:\laragon\www\bethel.app\vendor\laravel\framework\src\Illuminate\Pipeline\Pipeline.php(219): Illuminate\Http\Middleware\ValidatePathEncoding->handle(Object(Illuminate\Http\Request), Object(Closure))
#47 E:\laragon\www\bethel.app\vendor\laravel\framework\src\Illuminate\Pipeline\Pipeline.php(137): Illuminate\Pipeline\Pipeline->Illuminate\Pipeline\{closure}(Object(Illuminate\Http\Request))
#48 E:\laragon\www\bethel.app\vendor\laravel\framework\src\Illuminate\Foundation\Http\Kernel.php(175): Illuminate\Pipeline\Pipeline->then(Object(Closure))
#49 E:\laragon\www\bethel.app\vendor\laravel\framework\src\Illuminate\Foundation\Http\Kernel.php(144): Illuminate\Foundation\Http\Kernel->sendRequestThroughRouter(Object(Illuminate\Http\Request))
#50 E:\laragon\www\bethel.app\vendor\laravel\framework\src\Illuminate\Foundation\Testing\Concerns\MakesHttpRequests.php(607): Illuminate\Foundation\Http\Kernel->handle(Object(Illuminate\Http\Request))
#51 E:\laragon\www\bethel.app\vendor\laravel\framework\src\Illuminate\Foundation\Testing\Concerns\MakesHttpRequests.php(397): Illuminate\Foundation\Testing\TestCase->call('POST', '/confirm-passwo...', Array, Array, Array, Array)
#52 E:\laragon\www\bethel.app\tests\Feature\Auth\PasswordConfirmationTest.php(26): Illuminate\Foundation\Testing\TestCase->post('/confirm-passwo...', Array)
#53 E:\laragon\www\bethel.app\vendor\phpunit\phpunit\src\Framework\TestCase.php(1667): Tests\Feature\Auth\PasswordConfirmationTest->test_password_can_be_confirmed()
#54 E:\laragon\www\bethel.app\vendor\phpunit\phpunit\src\Framework\TestCase.php(519): PHPUnit\Framework\TestCase->runTest()
#55 E:\laragon\www\bethel.app\vendor\phpunit\phpunit\src\Framework\TestRunner\TestRunner.php(87): PHPUnit\Framework\TestCase->runBare()
#56 E:\laragon\www\bethel.app\vendor\phpunit\phpunit\src\Framework\TestCase.php(365): PHPUnit\Framework\TestRunner->run(Object(Tests\Feature\Auth\PasswordConfirmationTest))
#57 E:\laragon\www\bethel.app\vendor\phpunit\phpunit\src\Framework\TestSuite.php(369): PHPUnit\Framework\TestCase->run()
#58 E:\laragon\www\bethel.app\vendor\phpunit\phpunit\src\Framework\TestSuite.php(369): PHPUnit\Framework\TestSuite->run()
#59 E:\laragon\www\bethel.app\vendor\phpunit\phpunit\src\Framework\TestSuite.php(369): PHPUnit\Framework\TestSuite->run()
#60 E:\laragon\www\bethel.app\vendor\phpunit\phpunit\src\TextUI\TestRunner.php(64): PHPUnit\Framework\TestSuite->run()
#61 E:\laragon\www\bethel.app\vendor\phpunit\phpunit\src\TextUI\Application.php(211): PHPUnit\TextUI\TestRunner->run(Object(PHPUnit\TextUI\Configuration\Configuration), Object(PHPUnit\Runner\ResultCache\DefaultResultCache), Object(PHPUnit\Framework\TestSuite))
#62 E:\laragon\www\bethel.app\vendor\phpunit\phpunit\phpunit(104): PHPUnit\TextUI\Application->run(Array)
#63 {main}

----------------------------------------------------------------------------------

Route [dashboard] not defined.

  at tests\Feature\Auth\PasswordConfirmationTest.php:30
    [90m 26[0m[90m▕ [0m[35;1m        [0m[39;1m$response [0m[35;1m= [0m[39;1m$this[0m[35;1m->[0m[39;1mactingAs[0m[35;1m([0m[39;1m$user[0m[35;1m)->[0m[39;1mpost[0m[35;1m([0m[37m'/confirm-password'[0m[35;1m, [[0m
    [90m 27[0m[90m▕ [0m[35;1m            [0m[37m'password' [0m[35;1m=> [0m[37m'password'[0m[35;1m,[0m
    [90m 28[0m[90m▕ [0m[35;1m        ]);[0m
    [90m 29[0m[90m▕ [0m
[31;1m  ➜ [0m[3;1m 30[0m[90m▕ [0m[35;1m        [0m[39;1m$response[0m[35;1m->[0m[39;1massertRedirect[0m[35;1m();[0m
    [90m 31[0m[90m▕ [0m[35;1m        [0m[39;1m$response[0m[35;1m->[0m[39;1massertSessionHasNoErrors[0m[35;1m();[0m
    [90m 32[0m[90m▕ [0m[35;1m    }[0m
    [90m 33[0m[90m▕ [0m
    [90m 34[0m[90m▕ [0m[35;1m    public function [0m[39;1mtest_password_is_not_confirmed_with_invalid_password[0m[35;1m(): [0m[39;1mvoid[0m

  ──────────────────────────────────────────────────────────────────────────────────────────────────────────────────────────────────────────────────────────────────────────────  
   FAILED  Tests\Feature\Auth\RegistrationTest > new users can register                                                                                                           
  The user is not authenticated
Failed asserting that false is true.

  at tests\Feature\Auth\RegistrationTest.php:28
    [90m 24[0m[90m▕ [0m[35;1m            [0m[37m'password' [0m[35;1m=> [0m[37m'password'[0m[35;1m,[0m
    [90m 25[0m[90m▕ [0m[35;1m            [0m[37m'password_confirmation' [0m[35;1m=> [0m[37m'password'[0m[35;1m,[0m
    [90m 26[0m[90m▕ [0m[35;1m        ]);[0m
    [90m 27[0m[90m▕ [0m
[31;1m  ➜ [0m[3;1m 28[0m[90m▕ [0m[35;1m        [0m[39;1m$this[0m[35;1m->[0m[39;1massertAuthenticated[0m[35;1m();[0m
    [90m 29[0m[90m▕ [0m[35;1m        [0m[39;1m$response[0m[35;1m->[0m[39;1massertRedirect[0m[35;1m([0m[39;1mroute[0m[35;1m([0m[37m'dashboard'[0m[35;1m, [0m[39;1mabsolute[0m[35;1m: [0m[39;1mfalse[0m[35;1m));[0m
    [90m 30[0m[90m▕ [0m[35;1m    }[0m
    [90m 31[0m[90m▕ [0m[35;1m}[0m
    [90m 32[0m[90m▕ [0m

  ──────────────────────────────────────────────────────────────────────────────────────────────────────────────────────────────────────────────────────────────────────────────  
   FAILED  Tests\Feature\ProfileTest > profile information can be updated                                                                                                         
  Expected response status code [201, 301, 302, 303, 307, 308] but received 405.
Failed asserting that false is true.

  at tests\Feature\ProfileTest.php:37
    [90m 33[0m[90m▕ [0m[35;1m            ]);[0m
    [90m 34[0m[90m▕ [0m
    [90m 35[0m[90m▕ [0m[35;1m        [0m[39;1m$response[0m
    [90m 36[0m[90m▕ [0m[39;1m            [0m[35;1m->[0m[39;1massertSessionHasNoErrors[0m[35;1m()[0m
[31;1m  ➜ [0m[3;1m 37[0m[90m▕ [0m[35;1m            ->[0m[39;1massertRedirect[0m[35;1m([0m[37m'/profile'[0m[35;1m);[0m
    [90m 38[0m[90m▕ [0m
    [90m 39[0m[90m▕ [0m[35;1m        [0m[39;1m$user[0m[35;1m->[0m[39;1mrefresh[0m[35;1m();[0m
    [90m 40[0m[90m▕ [0m
    [90m 41[0m[90m▕ [0m[35;1m        [0m[39;1m$this[0m[35;1m->[0m[39;1massertSame[0m[35;1m([0m[37m'Test User'[0m[35;1m, [0m[39;1m$user[0m[35;1m->[0m[39;1mname[0m[35;1m);[0m

  ──────────────────────────────────────────────────────────────────────────────────────────────────────────────────────────────────────────────────────────────────────────────  
   FAILED  Tests\Feature\ProfileTest > email verification status is unchanged when the email address is unchanged                                                                 
  Expected response status code [201, 301, 302, 303, 307, 308] but received 405.
Failed asserting that false is true.

  at tests\Feature\ProfileTest.php:59
    [90m 55[0m[90m▕ [0m[35;1m            ]);[0m
    [90m 56[0m[90m▕ [0m
    [90m 57[0m[90m▕ [0m[35;1m        [0m[39;1m$response[0m
    [90m 58[0m[90m▕ [0m[39;1m            [0m[35;1m->[0m[39;1massertSessionHasNoErrors[0m[35;1m()[0m
[31;1m  ➜ [0m[3;1m 59[0m[90m▕ [0m[35;1m            ->[0m[39;1massertRedirect[0m[35;1m([0m[37m'/profile'[0m[35;1m);[0m
    [90m 60[0m[90m▕ [0m
    [90m 61[0m[90m▕ [0m[35;1m        [0m[39;1m$this[0m[35;1m->[0m[39;1massertNotNull[0m[35;1m([0m[39;1m$user[0m[35;1m->[0m[39;1mrefresh[0m[35;1m()->[0m[39;1memail_verified_at[0m[35;1m);[0m
    [90m 62[0m[90m▕ [0m[35;1m    }[0m
    [90m 63[0m[90m▕ [0m

  ──────────────────────────────────────────────────────────────────────────────────────────────────────────────────────────────────────────────────────────────────────────────  
   FAILED  Tests\Feature\ProfileTest > user can delete their account                                                                                                              
  Expected response status code [201, 301, 302, 303, 307, 308] but received 405.
Failed asserting that false is true.

  at tests\Feature\ProfileTest.php:76
    [90m 72[0m[90m▕ [0m[35;1m            ]);[0m
    [90m 73[0m[90m▕ [0m
    [90m 74[0m[90m▕ [0m[35;1m        [0m[39;1m$response[0m
    [90m 75[0m[90m▕ [0m[39;1m            [0m[35;1m->[0m[39;1massertSessionHasNoErrors[0m[35;1m()[0m
[31;1m  ➜ [0m[3;1m 76[0m[90m▕ [0m[35;1m            ->[0m[39;1massertRedirect[0m[35;1m([0m[37m'/'[0m[35;1m);[0m
    [90m 77[0m[90m▕ [0m
    [90m 78[0m[90m▕ [0m[35;1m        [0m[39;1m$this[0m[35;1m->[0m[39;1massertGuest[0m[35;1m();[0m
    [90m 79[0m[90m▕ [0m[35;1m        [0m[39;1m$this[0m[35;1m->[0m[39;1massertNull[0m[35;1m([0m[39;1m$user[0m[35;1m->[0m[39;1mfresh[0m[35;1m());[0m
    [90m 80[0m[90m▕ [0m[35;1m    }[0m

  ──────────────────────────────────────────────────────────────────────────────────────────────────────────────────────────────────────────────────────────────────────────────  
   FAILED  Tests\Feature\ProfileTest > correct password must be provided to delete account                                                                                        
  Session is missing expected key [errors].
Failed asserting that false is true.

  at tests\Feature\ProfileTest.php:94
    [90m 90[0m[90m▕ [0m[35;1m                [0m[37m'password' [0m[35;1m=> [0m[37m'wrong-password'[0m[35;1m,[0m
    [90m 91[0m[90m▕ [0m[35;1m            ]);[0m
    [90m 92[0m[90m▕ [0m
    [90m 93[0m[90m▕ [0m[35;1m        [0m[39;1m$response[0m
[31;1m  ➜ [0m[3;1m 94[0m[90m▕ [0m[39;1m            [0m[35;1m->[0m[39;1massertSessionHasErrorsIn[0m[35;1m([0m[37m'userDeletion'[0m[35;1m, [0m[37m'password'[0m[35;1m)[0m
    [90m 95[0m[90m▕ [0m[35;1m            ->[0m[39;1massertRedirect[0m[35;1m([0m[37m'/profile'[0m[35;1m);[0m
    [90m 96[0m[90m▕ [0m
    [90m 97[0m[90m▕ [0m[35;1m        [0m[39;1m$this[0m[35;1m->[0m[39;1massertNotNull[0m[35;1m([0m[39;1m$user[0m[35;1m->[0m[39;1mfresh[0m[35;1m());[0m
    [90m 98[0m[90m▕ [0m[35;1m    }[0m


  Tests:    10 failed, 37 passed (86 assertions)
  Duration: 5.52s

